// Jest Snapshot v1, https://goo.gl/fbAQLP

exports[`<MenuInput/> should match a snapshot 1`] = `
<input
  class="outline-none text-lg border rounded-md p-2 font-medium sm:w-96"
  placeholder="Pesquisar..."
  type="search"
/>
`;
