// Jest Snapshot v1, https://goo.gl/fbAQLP

exports[`<ToggleButton/> should match a snapshot 1`] = `
<button
  class="absolute top-0 cursor-pointer rounded-md h-10 px-2 font-medium text-3xl bg-zinc-50 border border-zinc-400 flex sm:hidden items-center"
>
  <svg
    class="transition-all"
    fill="currentColor"
    height="1em"
    stroke="currentColor"
    stroke-width="0"
    viewBox="0 0 24 24"
    width="1em"
    xmlns="http://www.w3.org/2000/svg"
  >
    <path
      d="M21 4H7V6H21V4ZM21 11H11V13H21V11ZM21 18H7V20H21V18ZM3 17V7L8 11.9996L3 17Z"
    />
  </svg>
</button>
`;
