// Jest Snapshot v1, https://goo.gl/fbAQLP

exports[`<MenuContainerTools/> should match a snapshot 1`] = `
<div
  class="flex gap-3 sm:gap-2 md:gap-3 xl:gap-5 flex-wrap"
>
  <p>
    teste
  </p>
</div>
`;
