// Jest Snapshot v1, https://goo.gl/fbAQLP

exports[`<BackgroundContainer/> should match a snapshot 1`] = `
<section
  class="flex w-full min-h-screen bg-slate-200"
>
  <p>
    hola
  </p>
</section>
`;
