// Jest Snapshot v1, https://goo.gl/fbAQLP

exports[`<Theme/> should match a snapshot 1`] = `
<button
  class=" false rounded-md h-11 border p-2 bg-white"
>
  <svg
    class="text-2xl text-gray-700"
    fill="currentColor"
    height="1em"
    stroke="currentColor"
    stroke-width="0"
    viewBox="0 0 24 24"
    width="1em"
    xmlns="http://www.w3.org/2000/svg"
  >
    <path
      d="M0 0h24v24H0z"
      fill="none"
    />
    <path
      d="M12 3a9 9 0 1 0 9 9c0-.46-.04-.92-.1-1.36a5.389 5.389 0 0 1-4.4 2.26 5.403 5.403 0 0 1-3.14-9.8c-.44-.06-.9-.1-1.36-.1z"
    />
  </svg>
</button>
`;
